C51 COMPILER V9.60.7.0   LCD                                                               08/21/2024 12:23:02 PAGE 1   


C51 COMPILER V9.60.7.0, COMPILATION OF MODULE LCD
OBJECT MODULE PLACED IN .\Objects\LCD.obj
COMPILER INVOKED BY: C:\Keil_v5\C51\BIN\C51.EXE LCD.c OPTIMIZE(8,SPEED) BROWSE DEBUG OBJECTEXTEND PRINT(.\Listings\LCD.l
                    -st) TABS(2) OBJECT(.\Objects\LCD.obj)

line level    source

   1          #include "LCD.h"
   2          
   3          void LCD_Init(void) {
   4   1          LCD_Command(0x38); // 8-bit mode
   5   1          LCD_Command(0x0C); // Display on, cursor off
   6   1          LCD_Command(0x01); // Clear display
   7   1          LCD_Command(0x06); // Increment cursor
   8   1      }
   9          
  10          void LCD_Command(unsigned char cmd) {
  11   1          RS = 0;  // Command mode
  12   1          RW = 0;  // Write mode
  13   1          P0 = cmd;
  14   1          EN = 1;
  15   1          EN = 0;
  16   1      }
  17          
  18          void LCD_Data(unsigned char dat) {
  19   1          RS = 1;  // Data mode
  20   1          RW = 0;  // Write mode
  21   1          P0 = dat;
  22   1          EN = 1;
  23   1          EN = 0;
  24   1      }
  25          
  26          void LCD_DisplayTimeDate(unsigned char timeDate[7]) {
  27   1          // Display HH:MM:SS
  28   1          LCD_Command(0x80); // Move cursor to the first line
  29   1          LCD_Data((timeDate[2] >> 4) + '0');  // Hours tens place
  30   1          LCD_Data((timeDate[2] & 0x0F) + '0');  // Hours ones place
  31   1          LCD_Data(':');
  32   1          LCD_Data((timeDate[1] >> 4) + '0');  // Minutes tens place
  33   1          LCD_Data((timeDate[1] & 0x0F) + '0');  // Minutes ones place
  34   1          LCD_Data(':');
  35   1          LCD_Data((timeDate[0] >> 4) + '0');  // Seconds tens place
  36   1          LCD_Data((timeDate[0] & 0x0F) + '0');  // Seconds ones place
  37   1      
  38   1          // Display DD/MM/YY
  39   1          LCD_Command(0xC0); // Move cursor to the second line
  40   1          LCD_Data((timeDate[4] >> 4) + '0');  // Date tens place
  41   1          LCD_Data((timeDate[4] & 0x0F) + '0');  // Date ones place
  42   1          LCD_Data('/');
  43   1          LCD_Data((timeDate[5] >> 4) + '0');  // Month tens place
  44   1          LCD_Data((timeDate[5] & 0x0F) + '0');  // Month ones place
  45   1          LCD_Data('/');
  46   1          LCD_Data((timeDate[6] >> 4) + '0');  // Year tens place
  47   1          LCD_Data((timeDate[6] & 0x0F) + '0');  // Year ones place
  48   1      }


MODULE INFORMATION:   STATIC OVERLAYABLE
   CODE SIZE        =    173    ----
   CONSTANT SIZE    =   ----    ----
   XDATA SIZE       =   ----    ----
C51 COMPILER V9.60.7.0   LCD                                                               08/21/2024 12:23:02 PAGE 2   

   PDATA SIZE       =   ----    ----
   DATA SIZE        =   ----    ----
   IDATA SIZE       =   ----    ----
   BIT SIZE         =   ----    ----
END OF MODULE INFORMATION.


C51 COMPILATION COMPLETE.  0 WARNING(S),  0 ERROR(S)
