C51 COMPILER V9.60.7.0   TIMER                                                             08/23/2024 12:19:15 PAGE 1   


C51 COMPILER V9.60.7.0, COMPILATION OF MODULE TIMER
OBJECT MODULE PLACED IN .\Objects\timer.obj
COMPILER INVOKED BY: C:\Keil_v5\C51\BIN\C51.EXE timer.c OPTIMIZE(8,SPEED) BROWSE DEBUG OBJECTEXTEND PRINT(.\Listings\tim
                    -er.lst) TABS(2) OBJECT(.\Objects\timer.obj)

line level    source

   1          #include <REGX52.H>
*** WARNING C318 IN LINE 1 OF timer.c: can't open file 'REGX52.H'
   2          
   3          void Timer0Init(void)
   4          {
   5   1        TMOD &= 0xF0;   //???????
*** ERROR C202 IN LINE 5 OF timer.c: 'TMOD': undefined identifier
   6   1        TMOD |= 0x01;   //???????
*** ERROR C202 IN LINE 6 OF timer.c: 'TMOD': undefined identifier
   7   1        TL0 = 0x18;       //??????
*** ERROR C202 IN LINE 7 OF timer.c: 'TL0': undefined identifier
   8   1        TH0 = 0xFC;       //??????
*** ERROR C202 IN LINE 8 OF timer.c: 'TH0': undefined identifier
   9   1        TF0 = 0;        //??TF0??
*** ERROR C202 IN LINE 9 OF timer.c: 'TF0': undefined identifier
  10   1        TR0 = 1;        //???0????
*** ERROR C202 IN LINE 10 OF timer.c: 'TR0': undefined identifier
  11   1        ET0=1;
*** ERROR C202 IN LINE 11 OF timer.c: 'ET0': undefined identifier
  12   1        EA=1;
*** ERROR C202 IN LINE 12 OF timer.c: 'EA': undefined identifier
  13   1        PT0=0;
*** ERROR C202 IN LINE 13 OF timer.c: 'PT0': undefined identifier
  14   1      }

C51 COMPILATION COMPLETE.  1 WARNING(S),  9 ERROR(S)
